// Vitest Snapshot v1

exports[`<Main /> > renders the heading 1`] = `
.c0 {
  -webkit-align-items: center;
  -webkit-box-align: center;
  -ms-flex-align: center;
  align-items: center;
  background-color: #051330;
  color: #fff;
  display: -webkit-box;
  display: -webkit-flex;
  display: -ms-flexbox;
  display: flex;
  -webkit-flex-direction: column;
  -ms-flex-direction: column;
  flex-direction: column;
  height: 100%;
  -webkit-box-pack: center;
  -webkit-justify-content: center;
  -ms-flex-pack: center;
  justify-content: center;
  padding: 4rem;
  text-align: center;
}

.c1 {
  font-size: 2.5rem;
  margin-bottom: 1rem;
}

.c2 {
  font-size: 2rem;
  font-weight: 300;
}

.c3 {
  margin-top: 4rem;
  width: min(40rem,100%);
}

<main
  class="c0"
>
  <h1
    class="c1"
  >
    NextJS Boilerplate
  </h1>
  <h2
    class="c2"
  >
    NextJS, ReactJS, TypeScript, Styled-Components, Storybook, Jest and Testing-Library
  </h2>
  <img
    alt="A developer walking and a screen with the text NextJS"
    class="c3"
    src="/assets/hero-illustration.svg"
  />
</main>
`;
