// Jest Snapshot v1, https://goo.gl/fbAQLP

exports[`<Main /> should render the heading 1`] = `
.c0 {
  -webkit-align-items: center;
  -webkit-box-align: center;
  -ms-flex-align: center;
  align-items: center;
  background-color: #051330;
  color: #fff;
  display: -webkit-box;
  display: -webkit-flex;
  display: -ms-flexbox;
  display: flex;
  -webkit-flex-direction: column;
  -ms-flex-direction: column;
  flex-direction: column;
  height: 100%;
  -webkit-box-pack: center;
  -webkit-justify-content: center;
  -ms-flex-pack: center;
  justify-content: center;
  padding: 4rem;
  text-align: center;
}

.c1 {
  margin-bottom: 3rem;
  width: 25rem;
}

.c2 {
  font-size: 2.5rem;
  margin-bottom: 1rem;
}

.c3 {
  font-size: 2rem;
  font-weight: 300;
}

.c4 {
  margin-top: 4rem;
  width: min(40rem,100%);
}

<main
  class="c0"
>
  <img
    alt="Imagem de um átomo e React Avançado escrito ao lado"
    class="c1"
    src="/assets/logo.svg"
  />
  <h1
    class="c2"
  >
    React Avançado
  </h1>
  <h2
    class="c3"
  >
    NextJS, ReactJS, TypeScript e Styled-Components
  </h2>
  <img
    alt="Um desenvolvedor caminhando e uma tela com código e também escrito a palavra Next.JS"
    class="c4"
    src="/assets/hero-illustration.svg"
  />
</main>
`
